
> wanderelocal@0.0.0 build
> vite build

[36mvite v7.3.1 [32mbuilding client environment for production...[36m[39m
transforming...
[32mΓ£ô[39m 61 modules transformed.
rendering chunks...
computing gzip size...
[2mdist/[22m[32mindex.html                           [39m[1m[2m  0.84 kB[22m[1m[22m[2m Γöé gzip:   0.46 kB[22m
[2mdist/[22m[32massets/WanderLocalLogo-DP9qNuUF.png  [39m[1m[2m579.77 kB[22m[1m[22m
[2mdist/[22m[35massets/index-Y2LaWQOi.css            [39m[1m[2m 24.82 kB[22m[1m[22m[2m Γöé gzip:   5.20 kB[22m
[2mdist/[22m[36massets/index-DI3NBuXK.js             [39m[1m[2m348.07 kB[22m[1m[22m[2m Γöé gzip: 101.78 kB[22m
[32mΓ£ô built in 1.26s[39m
